=================================================================
FEATURE ENGINEERING v3 — 100+ factors (Cats 1-13)
=================================================================

Loading data...
  Panel:  (147733, 11) | 2005-01-31 → 2025-11-28
  Prices: (3023733, 7) | tickers=697
  Volume column: PRESENT (Cat 5 enabled)

Fetching SPX daily data (2005-01-03 → 2026-01-05)...
  SPX rows: 5,284

Building daily features (Cats 1-7)...
  Cat 1: multi-horizon momentum...
  Cat 2: volatility regimes...
  Cat 3: tail risk...
  Cat 4: price level / trend...
  Cat 5: volume & liquidity...
  Cat 6: market beta / correlation...
  Cat 7: intraday / microstructure...
  Cat 11: time signal factors...
  Cat 12: Barra-style factors...
  Cat 16: mined factors...
  Cat 16: 12 mined factors added: ['nearness_52w_high', 'max_ret_21d', 'risk_adj_mom_6m', 'risk_adj_mom_12m', 'residual_mom_6m', 'residual_mom_12m', 'up_down_vol_ratio', 'co_skewness_63d', 'vol_contraction_signal', 'mom_quality', 'price_range_ratio', 'reversal_size']
  Cat 17: time-signal v2 factors...
  Cat 17: 8 time-signal v2 factors added: ['adx_14', 'adx_regime', 'roll_spread', 'autocorr_ret_21d', 'vol_expansion', 'trend_strength', 'cum_vol_ratio', 'high_low_range_21d']
  Daily columns after feature engineering: 110
Sampling daily features at month-end dates...
Adding momentum extensions...
Adding Cat 8: cross-sectional relative factors...

data/fundamental.parquet not found — skipping Cat 9 fundamental factors.

Fetching macro data (Cat 10)...
Adding macro factors to panel...
  Macro columns added: ['vix_level', 'vix_change_21d', 'yield_10y', 'yield_spread_10y2y', 'yield_change_21d', 'dollar_index', 'credit_proxy_change', 'market_trend_spx', 'market_vol_regime', 'spx_ret_1m', 'spx_ret_3m', 'spx_ret_6m', 'spx_ret_12m', 'spx_vol_63d']

Adding Cat 13: macro interaction factors...
  Cat 13 interaction factors added: ['residual_ret_1m', 'beta_x_idiovol', 'up_down_beta_spread', 'vol_excess', 'mom_decel']

Fetching market cap data (Cat 14: log_mktcap)...
  Loading market cap cache: data/mktcap_shares.parquet
  log_mktcap: 14,042/147,733 valid (9.5%)

Adding Cat 15: tail-ranking features...
  Cat 15: 51 tail-ranking features added (top 10% / bot 10% per 17 base factors)

Total features: 165
  Cross-sectionally ranked: 100
  Time-series z-scored (macro): 14
Dropped 0 rows with NaN target.
Cross-sectional rank normalising features...
Time-series z-scoring macro features...

=================================================================
Done! Saved → data/panel_monthly_enriched.parquet
Shape: (147733, 168)
Date range: 2005-01-31 → 2025-11-28
Tickers: 697
Features (165): ['adx_14', 'adx_regime', 'amihud_illiq_21d', 'amihud_illiq_21d_bot', 'amihud_illiq_21d_tail', 'amihud_illiq_21d_top', 'atr_21d_norm', 'autocorr_ret_21d', 'avg_gap_21d', 'avg_hl_range_21d', 'beta_21d', 'beta_252d', 'beta_252d_bot', 'beta_252d_tail', 'beta_252d_top', 'beta_63d', 'beta_stability_63d', 'beta_x_idiovol', 'bollinger_pct', 'co_skewness_63d', 'corr_spx_21d', 'corr_spx_63d', 'credit_proxy_change', 'cum_vol_ratio', 'cvar_95_21d', 'dollar_index', 'dollar_vol_21d', 'dollar_vol_63d', 'down_beta_63d', 'downvol_21d', 'drawdown_pct_252d', 'high_low_range_21d', 'hl_range', 'idio_vol_252d', 'idio_vol_252d_bot', 'idio_vol_252d_tail', 'idio_vol_252d_top', 'intraday_vol_21d', 'ir_12m', 'ir_3m', 'ir_6m', 'kurt_60d', 'log_mktcap', 'log_mktcap_bot', 'log_mktcap_tail', 'log_mktcap_top', 'ma_cross_10_50', 'ma_cross_50_200', 'macd_hist', 'macd_signal', 'market_trend_spx', 'market_vol_regime', 'max_ret_21d', 'maxdd_126d', 'maxdd_126d_bot', 'maxdd_126d_tail', 'maxdd_126d_top', 'maxdd_21d', 'mom_2_12', 'mom_accel', 'mom_decel', 'mom_quality', 'nearness_52w_high', 'nearness_52w_low', 'obv_signal', 'omega_ratio_21d', 'open_to_close_21d', 'price_range_ratio', 'price_to_ma10', 'price_to_ma100', 'price_to_ma20', 'price_to_ma200', 'price_to_ma50', 'residual_mom_12m', 'residual_mom_6m', 'residual_ret_12m', 'residual_ret_1m', 'ret_12m', 'ret_12m_bot', 'ret_12m_tail', 'ret_12m_top', 'ret_18m', 'ret_18m_bot', 'ret_18m_tail', 'ret_18m_top', 'ret_1m', 'ret_1m_bot', 'ret_1m_tail', 'ret_1m_top', 'ret_1w', 'ret_1w_bot', 'ret_1w_tail', 'ret_1w_top', 'ret_24m', 'ret_24m_bot', 'ret_24m_tail', 'ret_24m_top', 'ret_2w', 'ret_2w_bot', 'ret_2w_tail', 'ret_2w_top', 'ret_36m', 'ret_3m', 'ret_6m', 'ret_6m_bot', 'ret_6m_tail', 'ret_6m_top', 'ret_9m', 'ret_9m_bot', 'ret_9m_tail', 'ret_9m_top', 'ret_consistency_12m', 'reversal_size', 'risk_adj_mom_12m', 'risk_adj_mom_6m', 'roll_spread', 'rsi_14', 'size_proxy', 'size_proxy_bot', 'size_proxy_tail', 'size_proxy_top', 'skew_60d', 'spx_ret_12m', 'spx_ret_1m', 'spx_ret_3m', 'spx_ret_6m', 'spx_vol_63d', 'trend_r2_126d', 'trend_r2_21d', 'trend_slope_21d', 'trend_slope_63d', 'trend_strength', 'up_beta_63d', 'up_down_beta_spread', 'up_down_vol_ratio', 'var_95_21d', 'vix_change_21d', 'vix_level', 'vol_126d', 'vol_20d', 'vol_21d', 'vol_21d_bot', 'vol_21d_tail', 'vol_21d_top', 'vol_252d', 'vol_252d_bot', 'vol_252d_tail', 'vol_252d_top', 'vol_5d', 'vol_60d', 'vol_contraction_signal', 'vol_excess', 'vol_expansion', 'vol_momentum_21d', 'vol_momentum_21d_bot', 'vol_momentum_21d_tail', 'vol_momentum_21d_top', 'vol_of_vol_63d', 'vol_ratio_st', 'vol_trend', 'vol_trend_ratio', 'volume', 'yield_10y', 'yield_change_21d', 'yield_spread_10y2y']
=================================================================
Done in 11.6 min
