=================================================================
SHORT INTEREST DATA FETCH
=================================================================
Pipeline tickers: 697

Fetching short interest from yfinance (ticker-by-ticker)...
  This may take 10-20 min for 500+ tickers.

  [1/697] Processing A.N...
  [50/697] Processing APD.N...
HTTP Error 404: 
  [100/697] Processing BWA...
HTTP Error 404: 
  [150/697] Processing COF.N...
  [200/697] Processing DRI.N...
  [250/697] Processing FDS.N...
  [300/697] Processing GT...
  [350/697] Processing ITW.N...
  [400/697] Processing LYB.N...
  [450/697] Processing MUR...
  [500/697] Processing PEG.N...
  [550/697] Processing RSG.N...
  [600/697] Processing TECH.O...
  [650/697] Processing V.N...

  Completed: 434/697 tickers (263 failed)

Saved → data/short_interest.parquet
  Shape: (434, 10)
  Tickers: 434
  Date range: 2026-04-04 → 2026-04-04
    short_pct_float           100.0% filled | mean=0.0568 | std=0.0720
    short_interest_ratio      100.0% filled | mean=3.2842 | std=1.9256
    short_change_2w           100.0% filled | mean=0.0303 | std=1.3033
    short_squeeze_risk         98.2% filled | mean=4.3072 | std=5.4858

Done in 170.7s

NOTE: Short interest data is snapshot-only from yfinance.
  Run this script periodically (e.g., bi-weekly) to build time series.
  For historical data, consider Nasdaq Data Link (quandl) or FINRA API.
