======================================================================
FACTOR DECAY DIAGNOSTIC REPORT
======================================================================
Loading data...
  Panel: (147733, 168)  |  Features: 151
  IS: 2010-01-01 → 2022-12-31  |  OOS: 39 months

======================================================================
SECTION 1 — IS vs OOS IC Comparison (sorted by decay severity)
======================================================================

Factor                        IC_IS   IC_OOS  ICIR_OOS   Decay  Health
────────────────────────────────────────────────────────────────────────
  macd_signal               -0.0113  +0.0440    +0.337   -3.91  ✗ RED
  trend_slope_21d           -0.0155  +0.0438    +0.306   -2.82  ✗ RED
  ma_cross_10_50            -0.0078  +0.0420    +0.318   -5.40  ✗ RED
  price_to_ma50             -0.0196  +0.0414    +0.343   -2.11  ✗ RED
  ret_1m                    -0.0188  +0.0410    +0.305   -2.18  ✗ RED
  omega_ratio_21d           -0.0127  +0.0399    +0.322   -3.14  ✗ RED
  open_to_close_21d         -0.0101  +0.0398    +0.352   -3.93  ✗ RED
  ret_1m_bot                +0.0002  -0.0395    -0.476 -186.06  ✗ RED
  ret_1m_tail               -0.0126  +0.0378    +0.384   -3.00  ✗ RED
  mom_decel                 -0.0089  +0.0313    +0.251   -3.51  ✗ RED
  rsi_14                    -0.0202  +0.0311    +0.268   -1.54  ✗ RED
  residual_ret_1m           -0.0166  +0.0257    +0.220   -1.55  ✗ RED
  price_to_ma20             -0.0291  +0.0244    +0.187   -0.84  ✗ RED
  maxdd_126d_top            -0.0066  +0.0232    +0.181   -3.51  ✗ RED
  up_down_vol_ratio         -0.0094  +0.0231    +0.269   -2.46  ✗ RED
  cum_vol_ratio             -0.0094  +0.0231    +0.269   -2.46  ✗ RED
  co_skewness_63d           -0.0040  +0.0230    +0.151   -5.73  ✗ RED
  price_to_ma100            -0.0085  +0.0222    +0.181   -2.63  ✗ RED
  ir_3m                     -0.0033  +0.0205    +0.156   -6.23  ✗ RED
  skew_60d                  -0.0114  +0.0203    +0.235   -1.78  ✗ RED
  cvar_95_21d               -0.0014  +0.0185    +0.110  -12.85  ✗ RED
  ret_2w                    -0.0138  +0.0176    +0.139   -1.28  ✗ RED
  ret_2w_bot                +0.0011  -0.0175    -0.222  -15.99  ✗ RED
  ret_1m_top                -0.0186  +0.0171    +0.195   -0.92  ✗ RED
  bollinger_pct             -0.0268  +0.0169    +0.150   -0.63  ✗ RED
  avg_hl_range_21d          +0.0051  -0.0162    -0.076   -3.19  ✗ RED
  high_low_range_21d        +0.0051  -0.0162    -0.076   -3.19  ✗ RED
  beta_252d_top             -0.0032  +0.0162    +0.112   -5.06  ✗ RED
  hl_range                  +0.0051  -0.0153    -0.072   -3.01  ✗ RED
  idio_vol_252d             +0.0046  -0.0153    -0.082   -3.30  ✗ RED
  log_mktcap_tail           -0.0029  +0.0146    +0.272   -5.12  ✗ RED
  ret_3m                    -0.0045  +0.0140    +0.108   -3.07  ✗ RED
  atr_21d_norm              +0.0018  -0.0139    -0.069   -7.61  ✗ RED
  reversal_size             +0.0104  -0.0139    -0.208   -1.34  ✗ RED
  ret_2w_tail               -0.0081  +0.0137    +0.156   -1.69  ✗ RED
  obv_signal                -0.0067  +0.0133    +0.217   -1.99  ✗ RED
  trend_slope_63d           -0.0017  +0.0119    +0.087   -7.07  ✗ RED
  price_to_ma10             -0.0303  +0.0111    +0.089   -0.37  ✗ RED
  idio_vol_252d_bot         -0.0105  +0.0103    +0.095   -0.98  ✗ RED
  macd_hist                 -0.0186  +0.0101    +0.073   -0.54  ✗ RED
  size_proxy_bot            -0.0352  -0.0099    -0.189   +0.28  ✗ RED
  max_ret_21d               -0.0079  +0.0098    +0.054   -1.24  ✗ RED
  log_mktcap                -0.0103  +0.0096    +0.169   -0.94  ✗ RED
  avg_gap_21d               -0.0062  +0.0091    +0.045   -1.48  ✗ RED
  vol_252d_bot              -0.0090  +0.0081    +0.055   -0.90  ✗ RED
  kurt_60d                  +0.0015  -0.0074    -0.127   -4.78  ✗ RED
  adx_regime                +0.0007  -0.0069    -0.111   -9.23  ✗ RED
  amihud_illiq_21d          +0.0077  -0.0066    -0.135   -0.86  ✗ RED
  vol_5d                    +0.0003  -0.0062    -0.042  -22.61  ✗ RED
  adx_14                    +0.0024  -0.0051    -0.063   -2.11  ✗ RED
  vol_21d_bot               -0.0068  +0.0047    +0.037   -0.68  ✗ RED
  vol_252d                  +0.0024  -0.0046    -0.020   -1.89  ✗ RED
  vol_of_vol_63d            -0.0042  +0.0046    +0.030   -1.11  ✗ RED
  dollar_vol_63d            -0.0071  +0.0042    +0.079   -0.59  ✗ RED
  size_proxy                -0.0071  +0.0042    +0.079   -0.59  ✗ RED
  beta_252d_bot             -0.0281  +0.0041    +0.025   -0.15  ✗ RED
  size_proxy_tail           +0.0002  -0.0041    -0.087  -21.43  ✗ RED
  ret_1w_top                -0.0127  +0.0039    +0.045   -0.31  ✗ RED
  vol_expansion             -0.0142  +0.0037    +0.060   -0.26  ✗ RED
  ret_1w                    -0.0173  +0.0036    +0.031   -0.21  ✗ RED
  vol_126d                  +0.0026  -0.0036    -0.016   -1.38  ✗ RED
  ret_2w_top                -0.0110  +0.0031    +0.038   -0.28  ✗ RED
  ret_1w_tail               -0.0110  +0.0031    +0.037   -0.28  ✗ RED
  amihud_illiq_21d_bot      -0.0301  -0.0031    -0.063   +0.10  ✗ RED
  vol_momentum_21d_top      -0.0089  +0.0030    +0.051   -0.33  ✗ RED
  volume                    +0.0130  +0.0028    +0.059   +0.22  ✗ RED
  dollar_vol_21d            -0.0072  +0.0026    +0.052   -0.36  ✗ RED
  vol_trend_ratio           -0.0027  +0.0018    +0.036   -0.66  ✗ RED
  vol_contraction_signal    -0.0023  +0.0013    +0.019   -0.55  ✗ RED
  beta_x_idiovol            +0.0097  -0.0008    -0.003   -0.09  ✗ RED
  ret_1w_bot                +0.0038  -0.0008    -0.012   -0.22  ✗ RED
  price_range_ratio         +0.0051  -0.0006    -0.003   -0.11  ✗ RED
  log_mktcap_top            -0.0177  -0.0002    -0.004   +0.01  ✗ RED
  vol_trend                 -0.0019  -0.0000    -0.000   +0.01  ✗ RED
  vol_momentum_21d_bot      -0.0362  -0.0244    -0.444   +0.68  ~ AMBER
  size_proxy_top            -0.0337  -0.0155    -0.334   +0.46  ~ AMBER
  vol_21d_top               -0.0186  -0.0085    -0.076   +0.46  ~ AMBER
  beta_252d_tail            +0.0166  +0.0083    +0.043   +0.50  ~ AMBER
  vol_momentum_21d          +0.0182  +0.0068    +0.139   +0.38  ~ AMBER
  roll_spread               -0.0066  -0.0044    -0.048   +0.67  ~ AMBER
  trend_r2_126d             +0.0034  +0.0016    +0.019   +0.46  ~ AMBER
  ret_36m                   +0.0096  +0.0609    +0.468   +6.32  ✓ GREEN
  ret_18m                   +0.0013  +0.0606    +0.376  +46.43  ✓ GREEN
  ir_12m                    +0.0113  +0.0552    +0.392   +4.88  ✓ GREEN
  risk_adj_mom_12m          +0.0096  +0.0550    +0.378   +5.71  ✓ GREEN
  residual_mom_12m          +0.0123  +0.0523    +0.318   +4.26  ✓ GREEN
  mom_quality               +0.0075  +0.0519    +0.380   +6.93  ✓ GREEN
  residual_ret_12m          +0.0109  +0.0510    +0.328   +4.69  ✓ GREEN
  ret_24m                   +0.0048  +0.0507    +0.281  +10.65  ✓ GREEN
  ret_12m                   +0.0087  +0.0488    +0.372   +5.63  ✓ GREEN
  ret_consistency_12m       +0.0103  +0.0476    +0.367   +4.64  ✓ GREEN
  ret_18m_tail              +0.0052  +0.0459    +0.378   +8.83  ✓ GREEN
  corr_spx_63d              +0.0084  +0.0448    +0.243   +5.35  ✓ GREEN
  ret_18m_top               +0.0024  +0.0431    +0.397  +17.78  ✓ GREEN
  mom_2_12                  +0.0143  +0.0416    +0.291   +2.91  ✓ GREEN
  vol_excess                -0.0071  -0.0388    -0.238   +5.47  ✓ GREEN
  maxdd_21d                 +0.0032  +0.0385    +0.241  +11.87  ✓ GREEN
  nearness_52w_low          +0.0020  +0.0385    +0.331  +19.36  ✓ GREEN
  nearness_52w_high         +0.0025  +0.0379    +0.234  +14.87  ✓ GREEN
  ret_12m_tail              +0.0085  +0.0375    +0.376   +4.43  ✓ GREEN
  drawdown_pct_252d         +0.0027  +0.0374    +0.231  +13.91  ✓ GREEN
  ret_24m_tail              +0.0086  +0.0370    +0.270   +4.31  ✓ GREEN
  mom_accel                 -0.0202  -0.0369    -0.300   +1.82  ✓ GREEN
  ret_24m_top               +0.0072  +0.0368    +0.315   +5.10  ✓ GREEN
  price_to_ma200            +0.0021  +0.0359    +0.280  +16.94  ✓ GREEN
  ret_9m                    +0.0120  +0.0358    +0.280   +2.98  ✓ GREEN
  up_beta_63d               +0.0050  +0.0345    +0.159   +6.84  ✓ GREEN
  ret_12m_top               +0.0015  +0.0332    +0.384  +22.43  ✓ GREEN
  maxdd_126d_tail           +0.0074  +0.0327    +0.203   +4.42  ✓ GREEN
  ir_6m                     +0.0035  +0.0298    +0.219   +8.45  ✓ GREEN
  risk_adj_mom_6m           +0.0032  +0.0298    +0.220   +9.46  ✓ GREEN
  corr_spx_21d              +0.0121  +0.0297    +0.179   +2.45  ✓ GREEN
  residual_mom_6m           +0.0084  +0.0277    +0.190   +3.29  ✓ GREEN
  amihud_illiq_21d_top      -0.0346  -0.0273    -0.433   +0.79  ✓ GREEN
  down_beta_63d             +0.0070  +0.0268    +0.111   +3.83  ✓ GREEN
  beta_63d                  +0.0095  +0.0265    +0.104   +2.81  ✓ GREEN
  maxdd_126d                +0.0064  +0.0261    +0.132   +4.09  ✓ GREEN
  ret_6m                    +0.0057  +0.0255    +0.198   +4.50  ✓ GREEN
  maxdd_126d_bot            -0.0177  -0.0255    -0.213   +1.44  ✓ GREEN
  ret_18m_bot               -0.0053  -0.0253    -0.220   +4.77  ✓ GREEN
  trend_r2_21d              -0.0011  -0.0235    -0.250  +21.77  ✓ GREEN
  ret_9m_tail               +0.0112  +0.0230    +0.232   +2.05  ✓ GREEN
  ret_12m_bot               -0.0111  -0.0227    -0.210   +2.03  ✓ GREEN
  log_mktcap_bot            -0.0181  -0.0218    -0.335   +1.20  ✓ GREEN
  beta_21d                  +0.0096  +0.0214    +0.099   +2.22  ✓ GREEN
  downvol_21d               -0.0000  -0.0201    -0.118 +7662.55  ✓ GREEN
  beta_252d                 +0.0197  +0.0201    +0.075   +1.02  ✓ GREEN
  ret_9m_top                +0.0042  +0.0197    +0.216   +4.64  ✓ GREEN
  ret_6m_tail               +0.0080  +0.0190    +0.192   +2.37  ✓ GREEN
  vol_momentum_21d_tail     +0.0185  +0.0188    +0.338   +1.01  ✓ GREEN
  var_95_21d                +0.0005  +0.0187    +0.104  +36.03  ✓ GREEN
  ret_24m_bot               -0.0055  -0.0183    -0.147   +3.31  ✓ GREEN
  ret_6m_bot                -0.0069  -0.0181    -0.202   +2.64  ✓ GREEN
  amihud_illiq_21d_tail     -0.0039  -0.0170    -0.301   +4.33  ✓ GREEN
  up_down_beta_spread       -0.0049  -0.0152    -0.103   +3.08  ✓ GREEN
  idio_vol_252d_tail        -0.0035  -0.0152    -0.109   +4.33  ✓ GREEN
  ma_cross_50_200           +0.0105  +0.0151    +0.100   +1.44  ✓ GREEN
  trend_strength            +0.0018  +0.0147    +0.111   +8.26  ✓ GREEN
  ret_9m_bot                -0.0124  -0.0146    -0.147   +1.17  ✓ GREEN
  vol_252d_tail             -0.0043  -0.0135    -0.078   +3.13  ✓ GREEN
  intraday_vol_21d          -0.0008  -0.0125    -0.066  +15.82  ✓ GREEN
  idio_vol_252d_top         -0.0156  -0.0125    -0.107   +0.80  ✓ GREEN
  vol_252d_top              -0.0153  -0.0121    -0.096   +0.79  ✓ GREEN
  beta_stability_63d        -0.0023  -0.0116    -0.082   +5.09  ✓ GREEN
  ret_6m_top                +0.0051  +0.0103    +0.109   +2.02  ✓ GREEN
  vol_21d_tail              -0.0080  -0.0088    -0.059   +1.10  ✓ GREEN
  vol_20d                   -0.0046  -0.0083    -0.042   +1.80  ✓ GREEN
  vol_21d                   -0.0052  -0.0080    -0.040   +1.52  ✓ GREEN
  vol_60d                   -0.0026  -0.0051    -0.023   +1.93  ✓ GREEN
  autocorr_ret_21d          +0.0058  +0.0048    +0.065   +0.82  ✓ GREEN
  vol_ratio_st              +0.0031  +0.0033    +0.040   +1.05  ✓ GREEN

Summary:
  GREEN: 70
  AMBER: 7
  RED  : 74
  GREY : 0

======================================================================
SECTION 2 — IC Decay Curves (lags 0–12 months, IS vs OOS)
======================================================================
  Saved → figures/factor_decay_curves.png

======================================================================
SECTION 3 — Regime-by-Regime IC Breakdown (all periods)
======================================================================

Factor                     QE Bull (2010–2019  COVID Crash (2020)  Rate Hike Bear (20  AI Bull (2023–2024    OOS Test (2024+)
──────────────────────────────────────────────────────────────────────────────────────────────────────────────────────────────
  ret_36m                             +0.0168             +0.0269             -0.0432             +0.0619             +0.0597
  ret_18m                             +0.0046             +0.0206             -0.0193             +0.0479             +0.0748
  ir_12m                              +0.0156             +0.0088             +0.0273             +0.0527             +0.0580
  risk_adj_mom_12m                    +0.0139             +0.0084             +0.0261             +0.0526             +0.0576
  residual_mom_12m                    +0.0172             +0.0087             +0.0436             +0.0581             +0.0459
  mom_quality                         +0.0125             +0.0051             +0.0226             +0.0483             +0.0560
  residual_ret_12m                    +0.0142             +0.0120             +0.0453             +0.0499             +0.0521
  ret_24m                             +0.0139             +0.0008             -0.0368             +0.0411             +0.0614
  ret_12m                             +0.0140             +0.0050             +0.0249             +0.0436             +0.0546
  ret_consistency_12m                 +0.0137             +0.0000             -0.0053             +0.0438             +0.0519
  ret_18m_tail                        +0.0064             +0.0126             +0.0068             +0.0413             +0.0509
  corr_spx_63d                        +0.0163             -0.0842             -0.0173             +0.0285             +0.0630
  macd_signal                         -0.0134             +0.0546             -0.0349             +0.0221             +0.0683
  trend_slope_21d                     -0.0203             +0.0584             -0.0592             +0.0289             +0.0603
  ret_18m_top                         -0.0002             +0.0416             -0.0079             +0.0305             +0.0570
  ma_cross_10_50                      -0.0065             +0.0372             -0.0332             +0.0260             +0.0598
  mom_2_12                            +0.0210             +0.0029             +0.0306             +0.0416             +0.0415
  price_to_ma50                       -0.0230             +0.0422             -0.0279             +0.0197             +0.0655
  ret_1m                              -0.0247             +0.0414             -0.0292             +0.0312             +0.0520
  omega_ratio_21d                     -0.0169             +0.0364             -0.0074             +0.0232             +0.0585
  Saved → figures/factor_regime_heatmap.png

======================================================================
SECTION 4 — Factor Health Scorecard
======================================================================
  Saved → figures/factor_health_scorecard.png

======================================================================
SECTION 5 — Writing Markdown Diagnostic Report
======================================================================
  Saved → reports/factor_decay_report.md

======================================================================
FACTOR DECAY REPORT COMPLETE
======================================================================
  figures/factor_decay_curves.png
  figures/factor_regime_heatmap.png
  figures/factor_health_scorecard.png
  reports/factor_decay_report.md

Done in 0.3 min
