=================================================================
FACTOR CROWDING & DECAY DIAGNOSTIC
=================================================================

Loading panel → data/panel_monthly_enriched.parquet
  IS  : 2005-01-31 → 2022-12-30  (124,965 rows, 377 months)
  OOS : 2023-01-31 → 2025-11-28  (22,768 rows, 39 months)

  CS factors : 151
  Macro cols : 14  (excluded from crowding — zero CS variance)

─────────────────────────────────────────────────────────────────
SECTION 1 — Factor Crowding (IS data only)
─────────────────────────────────────────────────────────────────
  Computing pairwise factor correlation (IS)...
  Saved → data/crowding_corr_matrix.csv  shape=(151, 151)

  Flagging pairs with |r| > 0.7...
  Redundant pairs found: 308
  Top 15 most-crowded pairs:
         factor_a           factor_b      corr  abs_corr
 avg_hl_range_21d high_low_range_21d  1.000000  1.000000
   dollar_vol_63d         size_proxy  1.000000  1.000000
up_down_vol_ratio      cum_vol_ratio  1.000000  1.000000
            ir_6m    risk_adj_mom_6m  0.999339  0.999339
drawdown_pct_252d  nearness_52w_high  0.998656  0.998656
         hl_range   avg_hl_range_21d  0.993531  0.993531
         hl_range high_low_range_21d  0.993531  0.993531
          vol_20d            vol_21d  0.990441  0.990441
 risk_adj_mom_12m             ir_12m  0.979444  0.979444
      downvol_21d        cvar_95_21d -0.977758  0.977758
          ret_12m        mom_quality  0.973725  0.973725
          ret_12m           mom_2_12  0.950731  0.950731
    price_to_ma50        macd_signal  0.948879  0.948879
         vol_252d           vol_126d  0.946970  0.946970
   ma_cross_10_50        macd_signal  0.945867  0.945867

  Plotting correlation heatmap with clustering...
  Saved → figures/crowding_corr_heatmap.png

─────────────────────────────────────────────────────────────────
SECTION 2 — 7-Day IC Decay: IS vs OOS
─────────────────────────────────────────────────────────────────
  Computes IC at days 1/3/5/7/10 using daily prices for forward returns.
  IS  = dates ≤ 2022-12-31  |  OOS = dates > 2022-12-31  — NEVER mixed.
  Analysing 40 top factors by |ICIR_IS|
  Loading daily prices...
  Computing IS 7-day decay IC...
  Computing OOS 7-day decay IC...
  Saved → data/crowding_7day_decay_is_oos.csv

  7-Day IC Decay — IS vs OOS (top 25 factors by |IS IC_day0|):
                       is_day0  is_day1  is_day3  is_day5  is_day7  oos_day0  oos_day1  oos_day3  oos_day5  oos_day7  oos_decay_ratio_d7  oos_sign_flip_d7
factor                                                                                                                                                    
vol_momentum_21d_bot   -0.0317  -0.0211  -0.0205  -0.0251  -0.0193   -0.0244    0.0230    0.0127    0.0102    0.0068              -0.352              True
size_proxy_bot         -0.0302  -0.0168  -0.0195  -0.0222  -0.0137   -0.0099    0.0201    0.0076    0.0136    0.0101              -0.742              True
size_proxy_top         -0.0296  -0.0033  -0.0081  -0.0155  -0.0115   -0.0155   -0.0019   -0.0024   -0.0047   -0.0080               0.695             False
amihud_illiq_21d_top   -0.0285  -0.0207  -0.0230  -0.0211  -0.0129   -0.0273    0.0121   -0.0021    0.0037    0.0034              -0.260              True
price_to_ma10          -0.0272  -0.0493  -0.0432  -0.0398  -0.0391    0.0111    0.0468    0.0116    0.0170    0.0104              -0.266              True
amihud_illiq_21d_bot   -0.0256  -0.0102  -0.0066  -0.0119  -0.0094   -0.0031   -0.0043    0.0022    0.0049   -0.0048               0.509             False
bollinger_pct          -0.0253  -0.0247  -0.0245  -0.0293  -0.0303    0.0169    0.0343    0.0213    0.0320    0.0109              -0.361              True
price_to_ma20          -0.0238  -0.0156  -0.0117  -0.0191  -0.0242    0.0244    0.0422    0.0153    0.0367    0.0207              -0.855              True
beta_252d_bot          -0.0222  -0.0267  -0.0192  -0.0243  -0.0246    0.0041    0.0286    0.0038    0.0099   -0.0068               0.277             False
log_mktcap_bot         -0.0181   0.0045  -0.0061  -0.0126  -0.0006   -0.0218   -0.0002   -0.0113    0.0016    0.0026              -4.447              True
rsi_14                 -0.0178  -0.0044  -0.0029  -0.0148  -0.0155    0.0311    0.0413    0.0482    0.0527    0.0282              -1.819              True
log_mktcap_top         -0.0177   0.0128   0.0058  -0.0037  -0.0052   -0.0002    0.0059    0.0018    0.0079   -0.0006               0.111             False
vol_momentum_21d_tail   0.0176   0.0206   0.0188   0.0188   0.0176    0.0188   -0.0095   -0.0030   -0.0014   -0.0024              -0.134              True
vol_momentum_21d        0.0160   0.0069   0.0155   0.0157   0.0172    0.0068   -0.0053    0.0008   -0.0007   -0.0070              -0.410              True
price_to_ma50          -0.0157   0.0109   0.0166   0.0053  -0.0022    0.0414    0.0377    0.0542    0.0604    0.0415             -18.923              True
maxdd_126d_bot         -0.0139  -0.0173  -0.0063  -0.0029   0.0003   -0.0255   -0.0010    0.0193    0.0244    0.0079              30.856              True
macd_hist              -0.0135  -0.0258  -0.0237  -0.0199  -0.0211    0.0101    0.0598   -0.0009    0.0288    0.0263              -1.246              True
ret_1m                 -0.0133   0.0176   0.0152  -0.0020  -0.0052    0.0410    0.0407    0.0557    0.0778    0.0540             -10.312              True
ret_1w                 -0.0132  -0.0383  -0.0338  -0.0298  -0.0265    0.0036    0.0464    0.0186    0.0212    0.0178              -0.670              True
idio_vol_252d_top      -0.0129  -0.0133   0.0005  -0.0016   0.0031   -0.0125   -0.0002    0.0131    0.0179    0.0168               5.372              True
vol_21d_top            -0.0128  -0.0112  -0.0018  -0.0071  -0.0035   -0.0085    0.0130    0.0153    0.0245    0.0307              -8.678              True
residual_ret_1m        -0.0126   0.0046   0.0052  -0.0100  -0.0110    0.0257    0.0432    0.0555    0.0722    0.0464              -4.230              True
ret_1m_top             -0.0123   0.0052   0.0044  -0.0079  -0.0051    0.0171    0.0122    0.0400    0.0456    0.0400              -7.871              True
mom_accel              -0.0112  -0.0095   0.0010  -0.0002   0.0018   -0.0369    0.0010    0.0280   -0.0008   -0.0197             -10.667             False
vol_expansion          -0.0111  -0.0172  -0.0121  -0.0214  -0.0168    0.0037    0.0184    0.0205    0.0139    0.0209              -1.242              True

  Factors that flip sign OOS by day 7: 29
   ['vol_momentum_21d_bot', 'size_proxy_bot', 'amihud_illiq_21d_top', 'price_to_ma10', 'bollinger_pct', 'price_to_ma20', 'log_mktcap_bot', 'rsi_14', 'vol_momentum_21d_tail', 'vol_momentum_21d', 'price_to_ma50', 'maxdd_126d_bot', 'macd_hist', 'ret_1m', 'ret_1w', 'idio_vol_252d_top', 'vol_21d_top', 'residual_ret_1m', 'ret_1m_top', 'vol_expansion', 'volume', 'vol_252d_top', 'ret_1w_tail', 'skew_60d', 'ret_1w_top', 'ret_1m_tail', 'ret_2w_top', 'vol_momentum_21d_top', 'reversal_size']
  Saved → figures/crowding_7day_decay_is_oos.png

─────────────────────────────────────────────────────────────────
SECTION 3 — Contrarian Factor Analysis (IS vs OOS)
─────────────────────────────────────────────────────────────────
  Strict split: IS ≤ TRAIN_END, OOS > TRAIN_END — NEVER mixed

  Sign-flip factors (IS → OOS direction reversed): 69
  Stable factors  (same direction IS and OOS):     82

  Contrarian factor IS vs OOS (top 20 by |IC_OOS|):
                    ic_is  icir_is  pct_pos_is  ic_oos  icir_oos  pct_pos_oos  n_is_months  n_oos_months       interpretation
factor                                                                                                                       
macd_signal       -0.0071   -0.044       0.506  0.0440     0.337        0.658          233            38        TECHNICAL OSC
trend_slope_21d   -0.0107   -0.068       0.457  0.0438     0.306        0.632          232            38                OTHER
ma_cross_10_50    -0.0065   -0.041       0.487  0.0420     0.318        0.658          232            38                OTHER
price_to_ma50     -0.0157   -0.102       0.487  0.0414     0.343        0.658          232            38        TECHNICAL OSC
ret_1m            -0.0133   -0.088       0.504  0.0410     0.305        0.605          232            38  SHORT-TERM REVERSAL
omega_ratio_21d   -0.0119   -0.087       0.506  0.0399     0.322        0.632          233            38                OTHER
open_to_close_21d -0.0056   -0.041       0.506  0.0398     0.352        0.658          233            38                OTHER
ret_1m_bot        -0.0024   -0.024       0.513 -0.0395    -0.476        0.316          232            38  SHORT-TERM REVERSAL
ret_1m_tail       -0.0067   -0.060       0.483  0.0378     0.384        0.632          232            38  SHORT-TERM REVERSAL
mom_decel         -0.0083   -0.070       0.511  0.0313     0.251        0.553          227            38                OTHER
rsi_14            -0.0178   -0.122       0.468  0.0311     0.268        0.579          233            38        TECHNICAL OSC
residual_ret_1m   -0.0126   -0.094       0.480  0.0257     0.220        0.605          227            38  SHORT-TERM REVERSAL
price_to_ma20     -0.0238   -0.167       0.451  0.0244     0.187        0.474          233            38        TECHNICAL OSC
maxdd_126d_top    -0.0088   -0.065       0.472  0.0232     0.181        0.605          229            38                OTHER
up_down_vol_ratio -0.0084   -0.076       0.470  0.0231     0.269        0.632          232            38                OTHER
cum_vol_ratio     -0.0084   -0.076       0.470  0.0231     0.269        0.632          232            38                OTHER
co_skewness_63d   -0.0039   -0.032       0.481  0.0230     0.151        0.605          231            38                OTHER
price_to_ma100    -0.0048   -0.028       0.511  0.0222     0.181        0.553          231            38        TECHNICAL OSC
ir_3m             -0.0038   -0.023       0.483  0.0205     0.156        0.553          230            38                OTHER
skew_60d          -0.0087   -0.101       0.453  0.0203     0.235        0.474          232            38                OTHER

  Saved → data/crowding_contrarian_oos.csv
  Saved → figures/crowding_contrarian_oos.png

─────────────────────────────────────────────────────────────────
SECTION 4 — Quintile Direction Audit
─────────────────────────────────────────────────────────────────
  Flag factors where Q5-Q1 spread sign contradicts IC_IS sign.
  These are the 'wrong direction' factors Kieran spotted.

  [WARN] 'spread' column missing from factor_quintile_returns.csv

=================================================================
CROWDING & DECAY DIAGNOSTIC COMPLETE
=================================================================

  Data outputs:
    data/crowding_corr_matrix.csv       — 151×151 correlation matrix
    data/crowding_redundant_pairs.csv   — 308 pairs with |r| > 0.7
    data/crowding_7day_decay.csv        — IC day0/3/5/10 per factor
    data/crowding_contrarian_oos.csv    — IS vs OOS for sign-flip factors
    data/crowding_quintile_audit.csv    — quintile direction vs IC sign

  ⚠ Factor crowding: 308 redundant pairs (|r| > 0.7)
  Factors appearing in most redundant pairs (candidates to DROP):
    atr_21d_norm                        appears in 17 redundant pairs
    vol_60d                             appears in 17 redundant pairs
    price_to_ma200                      appears in 15 redundant pairs
    avg_hl_range_21d                    appears in 14 redundant pairs
    hl_range                            appears in 14 redundant pairs
    vol_20d                             appears in 14 redundant pairs
    vol_21d                             appears in 14 redundant pairs
    high_low_range_21d                  appears in 14 redundant pairs
    vol_252d                            appears in 13 redundant pairs
    intraday_vol_21d                    appears in 13 redundant pairs

Done in 80.3s
